// Jest Snapshot v1, https://goo.gl/fbAQLP

exports[`Other user sends friend request Accept friend request sent to another user 1`] = `[ServerError: Cannot accept a request that was not sent to you]`;

exports[`Other user sends friend request Delete friend request current user did not send 1`] = `[ServerError: Cannot delete a request that you did not send]`;

exports[`Other user sends friend request Reject friend request sent to another user 1`] = `[ServerError: Cannot deny a request that was not sent to you]`;
